2026-03-15 10:00:13,871 [INFO] Starting scrape run for 3 source(s).
2026-03-15 10:00:14,285 [INFO] --- Processing: DataU Academy ---
2026-03-15 10:00:14,340 [INFO]   Incremental scrape | limit=200 | min_id=655
2026-03-15 10:00:16,162 [INFO]   Saved 1 messages. Checkpoint: 656
2026-03-15 10:00:17,175 [INFO] --- Processing: NICC - National Incubation Center of Cambodia ---
2026-03-15 10:00:17,233 [INFO]   Incremental scrape | limit=200 | min_id=9843
2026-03-15 10:00:18,265 [INFO]   Saved 6 messages. Checkpoint: 9849
2026-03-15 10:00:19,267 [INFO] --- Processing: STEM Education Organization for Cambodia (STEMEOC) ---
2026-03-15 10:00:19,323 [INFO]   Incremental scrape | limit=200 | min_id=1009
2026-03-15 10:00:20,171 [INFO]   Saved 4 messages. Checkpoint: 1013
2026-03-15 10:00:21,183 [INFO] Run complete | sources=3 | saved=11 | errors=0 | duration=10.6s
2026-03-17 10:44:16,754 [INFO] Starting scrape run for 5 source(s).
2026-03-17 10:44:17,174 [INFO] --- Processing: DataU Academy ---
2026-03-17 10:44:17,225 [INFO]   Incremental scrape | limit=200 | min_id=656
2026-03-17 10:44:18,100 [INFO]   Saved 1 messages. Checkpoint: 657
2026-03-17 10:44:19,104 [INFO] --- Processing: NICC - National Incubation Center of Cambodia ---
2026-03-17 10:44:19,157 [INFO]   Incremental scrape | limit=200 | min_id=9849
2026-03-17 10:44:19,834 [INFO]   Saved 3 messages. Checkpoint: 9855
2026-03-17 10:44:20,836 [INFO] --- Processing: STEM Education Organization for Cambodia (STEMEOC) ---
2026-03-17 10:44:20,936 [INFO]   Incremental scrape | limit=200 | min_id=1013
2026-03-17 10:44:21,431 [INFO]   Saved 4 messages. Checkpoint: 1017
2026-03-17 10:44:22,433 [INFO] --- Processing: DGY News ---
2026-03-17 10:44:22,552 [INFO]   New channel scrape | limit=10 | min_id=0
2026-03-17 10:44:22,887 [INFO]   Saved 10 messages. Checkpoint: 3822
2026-03-17 10:44:23,897 [INFO] --- Processing: small labs ---
2026-03-17 10:44:23,951 [INFO]   New channel scrape | limit=10 | min_id=0
2026-03-17 10:44:24,238 [INFO]   Saved 10 messages. Checkpoint: 141
2026-03-17 10:44:25,246 [INFO] Run complete | sources=5 | saved=28 | errors=0 | duration=10.1s
2026-03-17 10:59:56,522 [INFO] Starting scrape run for 6 source(s).
2026-03-17 10:59:56,964 [INFO] --- Processing: DataU Academy ---
2026-03-17 10:59:57,015 [INFO]   Incremental scrape | limit=200 | min_id=657
2026-03-17 10:59:57,303 [INFO]   No new messages for DataU Academy.
2026-03-17 10:59:58,616 [INFO] --- Processing: NICC - National Incubation Center of Cambodia ---
2026-03-17 10:59:58,706 [INFO]   Incremental scrape | limit=200 | min_id=9855
2026-03-17 10:59:59,037 [INFO]   No new messages for NICC - National Incubation Center of Cambodia.
2026-03-17 11:00:00,411 [INFO] --- Processing: STEM Education Organization for Cambodia (STEMEOC) ---
2026-03-17 11:00:00,472 [INFO]   Incremental scrape | limit=200 | min_id=1017
2026-03-17 11:00:00,706 [INFO]   No new messages for STEM Education Organization for Cambodia (STEMEOC).
2026-03-17 11:00:01,976 [INFO] --- Processing: DGY News ---
2026-03-17 11:00:02,069 [INFO]   Incremental scrape | limit=200 | min_id=3822
2026-03-17 11:00:02,317 [INFO]   No new messages for DGY News.
2026-03-17 11:00:03,736 [INFO] --- Processing: small labs ---
2026-03-17 11:00:03,792 [INFO]   Incremental scrape | limit=200 | min_id=141
2026-03-17 11:00:04,018 [INFO]   No new messages for small labs.
2026-03-17 11:00:05,189 [INFO] --- Processing: Open Development Cambodia Organixation (ODC) ---
2026-03-17 11:00:05,312 [INFO]   New channel scrape | limit=10 | min_id=0
2026-03-17 11:00:05,957 [INFO]   Saved 10 messages. Checkpoint: 372
2026-03-17 11:00:06,959 [INFO] Run complete | sources=6 | saved=10 | errors=0 | duration=11.6s
2026-03-19 09:35:56,574 [INFO] Starting scrape run for 12 source(s).
2026-03-19 09:35:56,995 [INFO] --- Processing: DataU Academy ---
2026-03-19 09:35:57,050 [INFO]   Incremental scrape | limit=200 | min_id=657
2026-03-19 09:35:57,661 [INFO]   Saved 4 messages. Checkpoint: 661
2026-03-19 09:35:58,661 [INFO] --- Processing: NICC - National Incubation Center of Cambodia ---
2026-03-19 09:35:58,724 [INFO]   Incremental scrape | limit=200 | min_id=9855
2026-03-19 09:35:59,406 [INFO]   Saved 1 messages. Checkpoint: 9856
2026-03-19 09:36:00,413 [INFO] --- Processing: STEM Education Organization for Cambodia (STEMEOC) ---
2026-03-19 09:36:00,470 [INFO]   Incremental scrape | limit=200 | min_id=1017
2026-03-19 09:36:00,874 [INFO]   Saved 16 messages. Checkpoint: 1033
2026-03-19 09:36:01,884 [INFO] --- Processing: DGY News ---
2026-03-19 09:36:01,936 [INFO]   Incremental scrape | limit=200 | min_id=3822
2026-03-19 09:36:02,184 [INFO]   No new messages for DGY News.
2026-03-19 09:36:03,288 [INFO] --- Processing: small labs ---
2026-03-19 09:36:03,450 [INFO]   Incremental scrape | limit=200 | min_id=141
2026-03-19 09:36:03,665 [INFO]   No new messages for small labs.
2026-03-19 09:36:04,766 [INFO] --- Processing: Open Development Cambodia Organixation (ODC) ---
2026-03-19 09:36:04,817 [INFO]   Incremental scrape | limit=200 | min_id=372
2026-03-19 09:36:05,112 [INFO]   No new messages for Open Development Cambodia Organixation (ODC).
2026-03-19 09:36:06,266 [INFO] --- Processing: AUPP Community for Southeast Asian Studies (CSEAS) ---
2026-03-19 09:36:06,380 [INFO]   New channel scrape | limit=10 | min_id=0
2026-03-19 09:36:06,651 [INFO]   Saved 10 messages. Checkpoint: 124
2026-03-19 09:36:07,665 [INFO] --- Processing: AmCam Exchange ---
2026-03-19 09:36:07,769 [INFO]   New channel scrape | limit=10 | min_id=0
2026-03-19 09:36:08,075 [INFO]   Saved 10 messages. Checkpoint: 46
2026-03-19 09:36:09,080 [INFO] --- Processing: Expert Education & Visa Services Cambodia ---
2026-03-19 09:36:09,227 [INFO]   New channel scrape | limit=10 | min_id=0
2026-03-19 09:36:09,554 [INFO]   Saved 10 messages. Checkpoint: 2160
2026-03-19 09:36:10,563 [INFO] --- Processing: Career Kickstart ---
2026-03-19 09:36:10,615 [INFO]   New channel scrape | limit=10 | min_id=0
2026-03-19 09:36:10,918 [INFO]   Saved 10 messages. Checkpoint: 1226
2026-03-19 09:36:11,927 [INFO] --- Processing: Internship Hub (Cambodia) ---
2026-03-19 09:36:12,057 [INFO]   New channel scrape | limit=10 | min_id=0
2026-03-19 09:36:12,383 [INFO]   Saved 10 messages. Checkpoint: 308
2026-03-19 09:36:13,394 [INFO] --- Processing: Romduol Scholars Challenge ---
2026-03-19 09:36:13,569 [INFO]   New channel scrape | limit=10 | min_id=0
2026-03-19 09:36:13,848 [INFO]   Saved 6 messages. Checkpoint: 16662
2026-03-19 09:36:14,858 [INFO] Run complete | sources=12 | saved=77 | errors=0 | duration=20.2s
2026-03-23 10:09:38,464 [INFO] Starting scrape run for 14 source(s).
2026-03-23 10:10:40,634 [INFO] Starting scrape run for 14 source(s).
2026-03-23 10:10:57,878 [INFO] --- Processing: DataU Academy ---
2026-03-23 10:10:58,010 [INFO]   Incremental scrape | limit=200 | min_id=661
2026-03-23 10:10:58,350 [INFO]   No new messages for DataU Academy.
2026-03-23 10:10:59,772 [INFO] --- Processing: NICC - National Incubation Center of Cambodia ---
2026-03-23 10:10:59,873 [INFO]   Incremental scrape | limit=200 | min_id=9856
2026-03-23 10:11:00,763 [INFO]   Saved 8 messages. Checkpoint: 9864
2026-03-23 10:11:01,779 [INFO] --- Processing: STEM Education Organization for Cambodia (STEMEOC) ---
2026-03-23 10:11:01,885 [INFO]   Incremental scrape | limit=200 | min_id=1033
2026-03-23 10:11:02,131 [INFO]   No new messages for STEM Education Organization for Cambodia (STEMEOC).
2026-03-23 10:11:03,307 [INFO] --- Processing: DGY News ---
2026-03-23 10:11:03,407 [INFO]   Incremental scrape | limit=200 | min_id=3822
2026-03-23 10:11:03,995 [INFO]   Saved 1 messages. Checkpoint: 3823
2026-03-23 10:11:05,009 [INFO] --- Processing: small labs ---
2026-03-23 10:11:05,063 [INFO]   Incremental scrape | limit=200 | min_id=141
2026-03-23 10:11:05,246 [INFO]   No new messages for small labs.
2026-03-23 10:11:06,462 [INFO] --- Processing: Open Development Cambodia Organixation (ODC) ---
2026-03-23 10:11:06,569 [INFO]   Incremental scrape | limit=200 | min_id=372
2026-03-23 10:11:07,474 [INFO]   Saved 1 messages. Checkpoint: 373
2026-03-23 10:11:08,489 [INFO] --- Processing: AUPP Community for Southeast Asian Studies (CSEAS) ---
2026-03-23 10:11:08,688 [INFO]   Incremental scrape | limit=200 | min_id=124
2026-03-23 10:11:09,162 [INFO]   Saved 12 messages. Checkpoint: 136
2026-03-23 10:11:10,172 [INFO] --- Processing: AmCam Exchange ---
2026-03-23 10:11:10,276 [INFO]   Incremental scrape | limit=200 | min_id=46
2026-03-23 10:11:10,666 [INFO]   Saved 1 messages. Checkpoint: 47
2026-03-23 10:11:11,670 [INFO] --- Processing: Expert Education & Visa Services Cambodia ---
2026-03-23 10:11:11,822 [INFO]   Incremental scrape | limit=200 | min_id=2160
2026-03-23 10:11:12,294 [INFO]   Saved 7 messages. Checkpoint: 2168
2026-03-23 10:11:13,306 [INFO] --- Processing: Career Kickstart ---
2026-03-23 10:11:13,490 [INFO]   Incremental scrape | limit=200 | min_id=1226
2026-03-23 10:11:13,756 [INFO]   No new messages for Career Kickstart.
2026-03-23 10:11:14,962 [INFO] --- Processing: Internship Hub (Cambodia) ---
2026-03-23 10:11:15,180 [INFO]   Incremental scrape | limit=200 | min_id=308
2026-03-23 10:11:15,909 [INFO]   Saved 1 messages. Checkpoint: 309
2026-03-23 10:11:16,923 [INFO] --- Processing: Romduol Scholars Challenge ---
2026-03-23 10:11:17,080 [INFO]   Incremental scrape | limit=200 | min_id=16662
2026-03-23 10:11:18,256 [INFO]   Saved 173 messages. Checkpoint: 19631
2026-03-23 10:11:19,263 [INFO] --- Processing: Techo Startup Center ---
2026-03-23 10:11:19,336 [INFO]   New channel scrape | limit=10 | min_id=0
2026-03-23 10:11:19,658 [INFO]   Saved 10 messages. Checkpoint: 11056
2026-03-23 10:11:20,669 [INFO] --- Processing: Entrepreneurship Network ---
2026-03-23 10:11:20,952 [INFO]   New channel scrape | limit=10 | min_id=0
2026-03-23 10:11:21,331 [INFO]   Saved 10 messages. Checkpoint: 1374
2026-03-23 10:11:22,344 [INFO] Run complete | sources=14 | saved=224 | errors=0 | duration=42.6s
2026-03-25 13:27:27,078 [INFO] Starting scrape run for 14 source(s).
2026-03-25 13:27:27,771 [INFO] --- Processing: DataU Academy ---
2026-03-25 13:27:27,839 [INFO]   Incremental scrape | limit=200 | min_id=661
2026-03-25 13:27:28,239 [INFO]   No new messages for DataU Academy.
2026-03-25 13:27:29,547 [INFO] --- Processing: NICC - National Incubation Center of Cambodia ---
2026-03-25 13:27:29,611 [INFO]   Incremental scrape | limit=200 | min_id=9864
2026-03-25 13:27:30,573 [INFO]   Saved 2 messages. Checkpoint: 9873
2026-03-25 13:27:31,581 [INFO] --- Processing: STEM Education Organization for Cambodia (STEMEOC) ---
2026-03-25 13:27:31,661 [INFO]   Incremental scrape | limit=200 | min_id=1033
2026-03-25 13:27:32,218 [INFO]   Saved 20 messages. Checkpoint: 1060
2026-03-25 13:27:33,226 [INFO] --- Processing: DGY News ---
2026-03-25 13:27:33,280 [INFO]   Incremental scrape | limit=200 | min_id=3823
2026-03-25 13:27:33,535 [INFO]   No new messages for DGY News.
2026-03-25 13:27:34,765 [INFO] --- Processing: small labs ---
2026-03-25 13:27:34,820 [INFO]   Incremental scrape | limit=200 | min_id=141
2026-03-25 13:27:35,293 [INFO]   Saved 1 messages. Checkpoint: 142
2026-03-25 13:27:36,297 [INFO] --- Processing: Open Development Cambodia Organixation (ODC) ---
2026-03-25 13:27:36,645 [INFO]   Incremental scrape | limit=200 | min_id=373
2026-03-25 13:27:37,054 [INFO]   No new messages for Open Development Cambodia Organixation (ODC).
2026-03-25 13:27:38,178 [INFO] --- Processing: AUPP Community for Southeast Asian Studies (CSEAS) ---
2026-03-25 13:27:38,240 [INFO]   Incremental scrape | limit=200 | min_id=136
2026-03-25 13:27:38,478 [INFO]   No new messages for AUPP Community for Southeast Asian Studies (CSEAS).
2026-03-25 13:27:39,628 [INFO] --- Processing: AmCam Exchange ---
2026-03-25 13:27:39,693 [INFO]   Incremental scrape | limit=200 | min_id=47
2026-03-25 13:27:40,127 [INFO]   Saved 1 messages. Checkpoint: 48
2026-03-25 13:27:41,143 [INFO] --- Processing: Expert Education & Visa Services Cambodia ---
2026-03-25 13:27:41,213 [INFO]   Incremental scrape | limit=200 | min_id=2168
2026-03-25 13:27:41,691 [INFO]   Saved 23 messages. Checkpoint: 2192
2026-03-25 13:27:42,694 [INFO] --- Processing: Career Kickstart ---
2026-03-25 13:27:42,748 [INFO]   Incremental scrape | limit=200 | min_id=1226
2026-03-25 13:27:43,194 [INFO]   Saved 1 messages. Checkpoint: 1227
2026-03-25 13:27:44,196 [INFO] --- Processing: Internship Hub (Cambodia) ---
2026-03-25 13:27:44,250 [INFO]   Incremental scrape | limit=200 | min_id=309
2026-03-25 13:27:44,756 [INFO]   No new messages for Internship Hub (Cambodia).
2026-03-25 13:27:45,874 [INFO] --- Processing: Romduol Scholars Challenge ---
2026-03-25 13:27:45,932 [INFO]   Incremental scrape | limit=200 | min_id=19631
2026-03-25 13:27:46,946 [INFO]   Saved 169 messages. Checkpoint: 20176
2026-03-25 13:27:47,948 [INFO] --- Processing: Techo Startup Center ---
2026-03-25 13:27:48,024 [INFO]   Incremental scrape | limit=200 | min_id=11056
2026-03-25 13:27:48,502 [INFO]   Saved 9 messages. Checkpoint: 11065
2026-03-25 13:27:49,503 [INFO] --- Processing: Entrepreneurship Network ---
2026-03-25 13:27:49,563 [INFO]   Incremental scrape | limit=200 | min_id=1374
2026-03-25 13:27:49,757 [INFO]   No new messages for Entrepreneurship Network.
2026-03-25 13:27:50,878 [INFO] Run complete | sources=14 | saved=226 | errors=0 | duration=25.8s
2026-03-26 14:34:35,981 [INFO] Starting scrape run for 14 source(s).
2026-03-26 14:34:37,735 [INFO] --- Processing: DGY News ---
2026-03-26 14:34:38,499 [INFO]   Incremental scrape | limit=200 | min_id=3823
2026-03-26 14:34:40,313 [INFO]   No new messages for DGY News.
2026-03-26 14:34:41,672 [INFO] --- Processing: small labs ---
2026-03-26 14:34:41,992 [INFO]   Incremental scrape | limit=200 | min_id=142
2026-03-26 14:34:42,968 [INFO]   No new messages for small labs.
2026-03-26 14:34:44,282 [INFO] --- Processing: Open Development Cambodia Organixation (ODC) ---
2026-03-26 14:34:44,616 [INFO]   Incremental scrape | limit=200 | min_id=373
2026-03-26 14:34:49,197 [INFO]   Saved 1 messages. Checkpoint: 374
2026-03-26 14:34:50,208 [INFO] --- Processing: AUPP Community for Southeast Asian Studies (CSEAS) ---
2026-03-26 14:34:50,284 [INFO]   Incremental scrape | limit=200 | min_id=136
2026-03-26 14:34:51,041 [INFO]   No new messages for AUPP Community for Southeast Asian Studies (CSEAS).
2026-03-26 14:34:52,209 [INFO] --- Processing: AmCam Exchange ---
2026-03-26 14:34:52,882 [INFO]   Incremental scrape | limit=200 | min_id=48
2026-03-26 14:34:55,484 [INFO]   No new messages for AmCam Exchange.
2026-03-26 14:34:57,037 [INFO] --- Processing: Expert Education & Visa Services Cambodia ---
2026-03-26 14:34:57,385 [INFO]   Incremental scrape | limit=200 | min_id=2192
2026-03-26 14:34:58,471 [INFO]   Saved 2 messages. Checkpoint: 2194
2026-03-26 14:34:59,481 [INFO] --- Processing: Career Kickstart ---
2026-03-26 14:34:59,811 [INFO]   Incremental scrape | limit=200 | min_id=1227
2026-03-26 14:35:00,173 [INFO]   No new messages for Career Kickstart.
2026-03-26 14:35:01,350 [INFO] --- Processing: Internship Hub (Cambodia) ---
2026-03-26 14:35:01,495 [INFO]   Incremental scrape | limit=200 | min_id=309
2026-03-26 14:35:02,564 [INFO]   No new messages for Internship Hub (Cambodia).
2026-03-26 14:35:03,718 [INFO] --- Processing: Romduol Scholars Challenge ---
2026-03-26 14:35:03,827 [INFO]   Incremental scrape | limit=200 | min_id=20176
2026-03-26 14:35:04,676 [INFO]   Saved 2 messages. Checkpoint: 20178
2026-03-26 14:35:05,687 [INFO] --- Processing: Techo Startup Center ---
2026-03-26 14:35:05,760 [INFO]   Incremental scrape | limit=200 | min_id=11065
2026-03-26 14:35:06,220 [INFO]   No new messages for Techo Startup Center.
2026-03-26 14:35:07,474 [INFO] --- Processing: Entrepreneurship Network ---
2026-03-26 14:35:07,640 [INFO]   Incremental scrape | limit=200 | min_id=1374
2026-03-26 14:35:08,392 [INFO]   No new messages for Entrepreneurship Network.
2026-03-26 14:35:09,557 [INFO] --- Processing: DataU Academy ---
2026-03-26 14:35:09,769 [INFO]   Incremental scrape | limit=200 | min_id=661
2026-03-26 14:35:10,419 [INFO]   No new messages for DataU Academy.
2026-03-26 14:35:11,653 [INFO] --- Processing: NICC - National Incubation Center of Cambodia ---
2026-03-26 14:35:11,791 [INFO]   Incremental scrape | limit=200 | min_id=9873
2026-03-26 14:35:12,639 [INFO]   Saved 1 messages. Checkpoint: 9874
2026-03-26 14:35:13,649 [INFO] --- Processing: STEM Education Organization for Cambodia (STEMEOC) ---
2026-03-26 14:35:13,724 [INFO]   Incremental scrape | limit=200 | min_id=1060
2026-03-26 14:35:14,079 [INFO]   No new messages for STEM Education Organization for Cambodia (STEMEOC).
2026-03-26 14:35:15,213 [INFO] Run complete | sources=14 | saved=6 | errors=0 | duration=42.1s
2026-04-01 09:40:08,107 [INFO] Starting scrape run for 14 source(s).
2026-04-01 09:40:08,908 [INFO] --- Processing: DGY News ---
2026-04-01 09:40:08,987 [INFO]   Incremental scrape | limit=200 | min_id=3823
2026-04-01 09:40:09,734 [INFO]   Saved 1 messages. Checkpoint: 3824
2026-04-01 09:40:10,738 [INFO] --- Processing: small labs ---
2026-04-01 09:40:10,823 [INFO]   Incremental scrape | limit=200 | min_id=142
2026-04-01 09:40:11,418 [INFO]   Saved 1 messages. Checkpoint: 143
2026-04-01 09:40:12,433 [INFO] --- Processing: Open Development Cambodia Organixation (ODC) ---
2026-04-01 09:40:12,486 [INFO]   Incremental scrape | limit=200 | min_id=374
2026-04-01 09:40:13,241 [INFO]   Saved 6 messages. Checkpoint: 380
2026-04-01 09:40:14,253 [INFO] --- Processing: AUPP Community for Southeast Asian Studies (CSEAS) ---
2026-04-01 09:40:14,408 [INFO]   Incremental scrape | limit=200 | min_id=136
2026-04-01 09:40:14,986 [INFO]   Saved 1 messages. Checkpoint: 138
2026-04-01 09:40:16,003 [INFO] --- Processing: AmCam Exchange ---
2026-04-01 09:40:16,060 [INFO]   Incremental scrape | limit=200 | min_id=48
2026-04-01 09:40:16,289 [INFO]   No new messages for AmCam Exchange.
2026-04-01 09:40:17,476 [INFO] --- Processing: Expert Education & Visa Services Cambodia ---
2026-04-01 09:40:17,536 [INFO]   Incremental scrape | limit=200 | min_id=2194
2026-04-01 09:40:18,087 [INFO]   Saved 14 messages. Checkpoint: 2208
2026-04-01 09:40:19,089 [INFO] --- Processing: Career Kickstart ---
2026-04-01 09:40:19,146 [INFO]   Incremental scrape | limit=200 | min_id=1227
2026-04-01 09:40:19,428 [INFO]   No new messages for Career Kickstart.
2026-04-01 09:40:20,544 [INFO] --- Processing: Internship Hub (Cambodia) ---
2026-04-01 09:40:20,613 [INFO]   Incremental scrape | limit=200 | min_id=309
2026-04-01 09:40:20,992 [INFO]   No new messages for Internship Hub (Cambodia).
2026-04-01 09:40:22,098 [INFO] --- Processing: Romduol Scholars Challenge ---
2026-04-01 09:40:22,157 [INFO]   Incremental scrape | limit=200 | min_id=20178
2026-04-01 09:40:23,237 [INFO]   Saved 187 messages. Checkpoint: 20634
2026-04-01 09:40:24,248 [INFO] --- Processing: Techo Startup Center ---
2026-04-01 09:40:24,315 [INFO]   Incremental scrape | limit=200 | min_id=11065
2026-04-01 09:40:24,805 [INFO]   Saved 37 messages. Checkpoint: 11104
2026-04-01 09:40:25,807 [INFO] --- Processing: Entrepreneurship Network ---
2026-04-01 09:40:25,894 [INFO]   Incremental scrape | limit=200 | min_id=1374
2026-04-01 09:40:26,090 [INFO]   No new messages for Entrepreneurship Network.
2026-04-01 09:40:27,219 [INFO] --- Processing: DataU Academy ---
2026-04-01 09:40:27,308 [INFO]   Incremental scrape | limit=200 | min_id=661
2026-04-01 09:40:27,866 [INFO]   Saved 1 messages. Checkpoint: 662
2026-04-01 09:40:28,875 [INFO] --- Processing: NICC - National Incubation Center of Cambodia ---
2026-04-01 09:40:28,925 [INFO]   Incremental scrape | limit=200 | min_id=9874
2026-04-01 09:40:29,527 [INFO]   Saved 21 messages. Checkpoint: 9901
2026-04-01 09:40:30,537 [INFO] --- Processing: STEM Education Organization for Cambodia (STEMEOC) ---
2026-04-01 09:40:30,595 [INFO]   Incremental scrape | limit=200 | min_id=1060
2026-04-01 09:40:30,821 [INFO]   No new messages for STEM Education Organization for Cambodia (STEMEOC).
2026-04-01 09:40:31,913 [INFO] Run complete | sources=14 | saved=269 | errors=0 | duration=26.1s
2026-04-01 10:07:14,062 [INFO] Starting scrape run for 14 source(s).
2026-04-01 10:07:14,434 [INFO] --- Processing: DGY News ---
2026-04-01 10:07:14,492 [INFO]   Incremental scrape | limit=200 | min_id=3824
2026-04-01 10:07:14,810 [INFO]   No new messages for DGY News.
2026-04-01 10:07:16,035 [INFO] --- Processing: small labs ---
2026-04-01 10:07:16,086 [INFO]   Incremental scrape | limit=200 | min_id=143
2026-04-01 10:07:16,303 [INFO]   No new messages for small labs.
2026-04-01 10:07:17,508 [INFO] --- Processing: Open Development Cambodia Organixation (ODC) ---
2026-04-01 10:07:17,601 [INFO]   Incremental scrape | limit=200 | min_id=380
2026-04-01 10:07:17,940 [INFO]   No new messages for Open Development Cambodia Organixation (ODC).
2026-04-01 10:07:19,127 [INFO] --- Processing: AUPP Community for Southeast Asian Studies (CSEAS) ---
2026-04-01 10:07:19,204 [INFO]   Incremental scrape | limit=200 | min_id=138
2026-04-01 10:07:19,902 [INFO]   Saved 1 messages. Checkpoint: 139
2026-04-01 10:07:20,910 [INFO] --- Processing: AmCam Exchange ---
2026-04-01 10:07:20,954 [INFO]   Incremental scrape | limit=200 | min_id=48
2026-04-01 10:07:21,108 [INFO]   No new messages for AmCam Exchange.
2026-04-01 10:07:22,214 [INFO] --- Processing: Expert Education & Visa Services Cambodia ---
2026-04-01 10:07:22,265 [INFO]   Incremental scrape | limit=200 | min_id=2208
2026-04-01 10:07:22,472 [INFO]   No new messages for Expert Education & Visa Services Cambodia.
2026-04-01 10:07:23,700 [INFO] --- Processing: Career Kickstart ---
2026-04-01 10:07:23,746 [INFO]   Incremental scrape | limit=200 | min_id=1227
2026-04-01 10:07:23,990 [INFO]   No new messages for Career Kickstart.
2026-04-01 10:07:25,098 [INFO] --- Processing: Internship Hub (Cambodia) ---
2026-04-01 10:07:25,165 [INFO]   Incremental scrape | limit=200 | min_id=309
2026-04-01 10:07:25,565 [INFO]   No new messages for Internship Hub (Cambodia).
2026-04-01 10:07:26,643 [INFO] --- Processing: Romduol Scholars Challenge ---
2026-04-01 10:07:26,694 [INFO]   Incremental scrape | limit=200 | min_id=20634
2026-04-01 10:07:26,895 [INFO]   No new messages for Romduol Scholars Challenge.
2026-04-01 10:07:28,006 [INFO] --- Processing: Techo Startup Center ---
2026-04-01 10:07:28,052 [INFO]   Incremental scrape | limit=200 | min_id=11104
2026-04-01 10:07:28,206 [INFO]   No new messages for Techo Startup Center.
2026-04-01 10:07:29,336 [INFO] --- Processing: Entrepreneurship Network ---
2026-04-01 10:07:29,402 [INFO]   Incremental scrape | limit=200 | min_id=1374
2026-04-01 10:07:29,589 [INFO]   No new messages for Entrepreneurship Network.
2026-04-01 10:07:30,702 [INFO] --- Processing: DataU Academy ---
2026-04-01 10:07:30,755 [INFO]   Incremental scrape | limit=200 | min_id=662
2026-04-01 10:07:31,183 [INFO]   No new messages for DataU Academy.
2026-04-01 10:07:32,328 [INFO] --- Processing: NICC - National Incubation Center of Cambodia ---
2026-04-01 10:07:32,393 [INFO]   Incremental scrape | limit=200 | min_id=9901
2026-04-01 10:07:32,702 [INFO]   No new messages for NICC - National Incubation Center of Cambodia.
2026-04-01 10:07:33,857 [INFO] --- Processing: STEM Education Organization for Cambodia (STEMEOC) ---
2026-04-01 10:07:33,900 [INFO]   Incremental scrape | limit=200 | min_id=1060
2026-04-01 10:07:34,091 [INFO]   No new messages for STEM Education Organization for Cambodia (STEMEOC).
2026-04-01 10:07:35,190 [INFO] Run complete | sources=14 | saved=1 | errors=0 | duration=23.1s
2026-04-02 07:58:59,336 [INFO] Starting scrape run for 14 source(s).
2026-04-02 07:58:59,769 [INFO] --- Processing: Romduol Scholars Challenge ---
2026-04-02 07:58:59,816 [INFO]   Incremental scrape | limit=200 | min_id=20634
2026-04-02 07:59:00,628 [INFO]   Saved 12 messages. Checkpoint: 20665
2026-04-02 07:59:01,638 [INFO] --- Processing: Techo Startup Center ---
2026-04-02 07:59:01,700 [INFO]   Incremental scrape | limit=200 | min_id=11104
2026-04-02 07:59:02,153 [INFO]   Saved 19 messages. Checkpoint: 11123
2026-04-02 07:59:03,157 [INFO] --- Processing: Entrepreneurship Network ---
2026-04-02 07:59:03,202 [INFO]   Incremental scrape | limit=200 | min_id=1374
2026-04-02 07:59:03,346 [INFO]   No new messages for Entrepreneurship Network.
2026-04-02 07:59:04,449 [INFO] --- Processing: DataU Academy ---
2026-04-02 07:59:04,494 [INFO]   Incremental scrape | limit=200 | min_id=662
2026-04-02 07:59:04,813 [INFO]   No new messages for DataU Academy.
2026-04-02 07:59:05,917 [INFO] --- Processing: NICC - National Incubation Center of Cambodia ---
2026-04-02 07:59:05,963 [INFO]   Incremental scrape | limit=200 | min_id=9901
2026-04-02 07:59:06,422 [INFO]   Saved 19 messages. Checkpoint: 9920
2026-04-02 07:59:07,426 [INFO] --- Processing: STEM Education Organization for Cambodia (STEMEOC) ---
2026-04-02 07:59:07,470 [INFO]   Incremental scrape | limit=200 | min_id=1060
2026-04-02 07:59:07,618 [INFO]   No new messages for STEM Education Organization for Cambodia (STEMEOC).
2026-04-02 07:59:08,716 [INFO] --- Processing: DGY News ---
2026-04-02 07:59:08,760 [INFO]   Incremental scrape | limit=200 | min_id=3824
2026-04-02 07:59:08,972 [INFO]   No new messages for DGY News.
2026-04-02 07:59:10,097 [INFO] --- Processing: small labs ---
2026-04-02 07:59:10,141 [INFO]   Incremental scrape | limit=200 | min_id=143
2026-04-02 07:59:10,315 [INFO]   No new messages for small labs.
2026-04-02 07:59:11,417 [INFO] --- Processing: Open Development Cambodia Organixation (ODC) ---
2026-04-02 07:59:11,466 [INFO]   Incremental scrape | limit=200 | min_id=380
2026-04-02 07:59:11,819 [INFO]   No new messages for Open Development Cambodia Organixation (ODC).
2026-04-02 07:59:12,914 [INFO] --- Processing: AUPP Community for Southeast Asian Studies (CSEAS) ---
2026-04-02 07:59:12,978 [INFO]   Incremental scrape | limit=200 | min_id=139
2026-04-02 07:59:13,171 [INFO]   No new messages for AUPP Community for Southeast Asian Studies (CSEAS).
2026-04-02 07:59:14,262 [INFO] --- Processing: AmCam Exchange ---
2026-04-02 07:59:14,407 [INFO]   Incremental scrape | limit=200 | min_id=48
2026-04-02 07:59:14,550 [INFO]   No new messages for AmCam Exchange.
2026-04-02 07:59:15,725 [INFO] --- Processing: Expert Education & Visa Services Cambodia ---
2026-04-02 07:59:15,792 [INFO]   Incremental scrape | limit=200 | min_id=2208
2026-04-02 07:59:16,319 [INFO]   Saved 1 messages. Checkpoint: 2209
2026-04-02 07:59:17,338 [INFO] --- Processing: Career Kickstart ---
2026-04-02 07:59:17,386 [INFO]   Incremental scrape | limit=200 | min_id=1227
2026-04-02 07:59:17,678 [INFO]   Saved 1 messages. Checkpoint: 1228
2026-04-02 07:59:18,683 [INFO] --- Processing: Internship Hub (Cambodia) ---
2026-04-02 07:59:18,730 [INFO]   Incremental scrape | limit=200 | min_id=309
2026-04-02 07:59:19,104 [INFO]   No new messages for Internship Hub (Cambodia).
2026-04-02 07:59:20,213 [INFO] Run complete | sources=14 | saved=52 | errors=0 | duration=22.9s
2026-04-02 09:31:10,703 [INFO] Already ran today, exiting.
2026-04-02 13:13:40,240 [INFO] Already ran today, exiting.
2026-04-02 18:23:46,003 [INFO] Already ran today, exiting.
2026-04-04 13:03:43,091 [INFO] Starting scrape run for 14 source(s).
2026-04-04 13:03:43,807 [INFO] --- Processing: Romduol Scholars Challenge ---
2026-04-04 13:03:43,888 [INFO]   Incremental scrape | limit=200 | min_id=20665
2026-04-04 13:03:44,731 [INFO]   Saved 8 messages. Checkpoint: 20678
2026-04-04 13:03:45,738 [INFO] --- Processing: Techo Startup Center ---
2026-04-04 13:03:45,814 [INFO]   Incremental scrape | limit=200 | min_id=11123
2026-04-04 13:03:46,432 [INFO]   Saved 20 messages. Checkpoint: 11143
2026-04-04 13:03:47,442 [INFO] --- Processing: Entrepreneurship Network ---
2026-04-04 13:03:47,542 [INFO]   Incremental scrape | limit=200 | min_id=1374
2026-04-04 13:03:48,070 [INFO]   Saved 8 messages. Checkpoint: 1382
2026-04-04 13:03:49,075 [INFO] --- Processing: DataU Academy ---
2026-04-04 13:03:49,119 [INFO]   Incremental scrape | limit=200 | min_id=662
2026-04-04 13:03:49,441 [INFO]   No new messages for DataU Academy.
2026-04-04 13:03:50,591 [INFO] --- Processing: NICC - National Incubation Center of Cambodia ---
2026-04-04 13:03:50,636 [INFO]   Incremental scrape | limit=200 | min_id=9920
2026-04-04 13:03:51,088 [INFO]   Saved 9 messages. Checkpoint: 9929
2026-04-04 13:03:52,093 [INFO] --- Processing: STEM Education Organization for Cambodia (STEMEOC) ---
2026-04-04 13:03:52,154 [INFO]   Incremental scrape | limit=200 | min_id=1060
2026-04-04 13:03:52,360 [INFO]   No new messages for STEM Education Organization for Cambodia (STEMEOC).
2026-04-04 13:03:53,551 [INFO] --- Processing: DGY News ---
2026-04-04 13:03:53,653 [INFO]   Incremental scrape | limit=200 | min_id=3824
2026-04-04 13:03:53,977 [INFO]   No new messages for DGY News.
2026-04-04 13:03:55,115 [INFO] --- Processing: small labs ---
2026-04-04 13:03:55,198 [INFO]   Incremental scrape | limit=200 | min_id=143
2026-04-04 13:03:55,414 [INFO]   No new messages for small labs.
2026-04-04 13:03:56,516 [INFO] --- Processing: Open Development Cambodia Organixation (ODC) ---
2026-04-04 13:03:56,595 [INFO]   Incremental scrape | limit=200 | min_id=380
2026-04-04 13:03:56,947 [INFO]   No new messages for Open Development Cambodia Organixation (ODC).
2026-04-04 13:03:58,160 [INFO] --- Processing: AUPP Community for Southeast Asian Studies (CSEAS) ---
2026-04-04 13:03:58,240 [INFO]   Incremental scrape | limit=200 | min_id=139
2026-04-04 13:03:58,755 [INFO]   Saved 1 messages. Checkpoint: 140
2026-04-04 13:03:59,761 [INFO] --- Processing: AmCam Exchange ---
2026-04-04 13:03:59,849 [INFO]   Incremental scrape | limit=200 | min_id=48
2026-04-04 13:04:00,148 [INFO]   No new messages for AmCam Exchange.
2026-04-04 13:04:01,294 [INFO] --- Processing: Expert Education & Visa Services Cambodia ---
2026-04-04 13:04:01,338 [INFO]   Incremental scrape | limit=200 | min_id=2209
2026-04-04 13:04:01,770 [INFO]   Saved 2 messages. Checkpoint: 2211
2026-04-04 13:04:03,134 [INFO] --- Processing: Career Kickstart ---
2026-04-04 13:04:03,228 [INFO]   Incremental scrape | limit=200 | min_id=1228
2026-04-04 13:04:03,774 [INFO]   Saved 1 messages. Checkpoint: 1229
2026-04-04 13:04:04,790 [INFO] --- Processing: Internship Hub (Cambodia) ---
2026-04-04 13:04:04,833 [INFO]   Incremental scrape | limit=200 | min_id=309
2026-04-04 13:04:05,357 [INFO]   Saved 1 messages. Checkpoint: 310
2026-04-04 13:04:06,359 [INFO] Run complete | sources=14 | saved=50 | errors=0 | duration=25.5s
2026-04-05 08:36:35,971 [INFO] Starting scrape run for 14 source(s).
2026-04-05 08:36:36,324 [INFO] --- Processing: Romduol Scholars Challenge ---
2026-04-05 08:36:36,373 [INFO]   Incremental scrape | limit=200 | min_id=20678
2026-04-05 08:36:36,815 [INFO]   No new messages for Romduol Scholars Challenge.
2026-04-05 08:36:38,028 [INFO] --- Processing: Techo Startup Center ---
2026-04-05 08:36:38,074 [INFO]   Incremental scrape | limit=200 | min_id=11143
2026-04-05 08:36:38,249 [INFO]   No new messages for Techo Startup Center.
2026-04-05 08:36:39,473 [INFO] --- Processing: Entrepreneurship Network ---
2026-04-05 08:36:39,627 [INFO]   Incremental scrape | limit=200 | min_id=1382
2026-04-05 08:36:39,792 [INFO]   No new messages for Entrepreneurship Network.
2026-04-05 08:36:41,095 [INFO] --- Processing: DataU Academy ---
2026-04-05 08:36:41,159 [INFO]   Incremental scrape | limit=200 | min_id=662
2026-04-05 08:36:41,477 [INFO]   No new messages for DataU Academy.
2026-04-05 08:36:42,687 [INFO] --- Processing: NICC - National Incubation Center of Cambodia ---
2026-04-05 08:36:42,734 [INFO]   Incremental scrape | limit=200 | min_id=9929
2026-04-05 08:36:42,947 [INFO]   No new messages for NICC - National Incubation Center of Cambodia.
2026-04-05 08:36:44,077 [INFO] --- Processing: STEM Education Organization for Cambodia (STEMEOC) ---
2026-04-05 08:36:44,124 [INFO]   Incremental scrape | limit=200 | min_id=1060
2026-04-05 08:36:44,278 [INFO]   No new messages for STEM Education Organization for Cambodia (STEMEOC).
2026-04-05 08:36:45,385 [INFO] --- Processing: DGY News ---
2026-04-05 08:36:45,464 [INFO]   Incremental scrape | limit=200 | min_id=3824
2026-04-05 08:36:45,833 [INFO]   No new messages for DGY News.
2026-04-05 08:36:46,937 [INFO] --- Processing: small labs ---
2026-04-05 08:36:46,983 [INFO]   Incremental scrape | limit=200 | min_id=143
2026-04-05 08:36:47,165 [INFO]   No new messages for small labs.
2026-04-05 08:36:48,269 [INFO] --- Processing: Open Development Cambodia Organixation (ODC) ---
2026-04-05 08:36:48,314 [INFO]   Incremental scrape | limit=200 | min_id=380
2026-04-05 08:36:48,616 [INFO]   No new messages for Open Development Cambodia Organixation (ODC).
2026-04-05 08:36:49,707 [INFO] --- Processing: AUPP Community for Southeast Asian Studies (CSEAS) ---
2026-04-05 08:36:49,753 [INFO]   Incremental scrape | limit=200 | min_id=140
2026-04-05 08:36:50,223 [INFO]   Saved 1 messages. Checkpoint: 141
2026-04-05 08:36:51,227 [INFO] --- Processing: AmCam Exchange ---
2026-04-05 08:36:51,275 [INFO]   Incremental scrape | limit=200 | min_id=48
2026-04-05 08:36:51,657 [INFO]   No new messages for AmCam Exchange.
2026-04-05 08:36:52,755 [INFO] --- Processing: Expert Education & Visa Services Cambodia ---
2026-04-05 08:36:52,816 [INFO]   Incremental scrape | limit=200 | min_id=2211
2026-04-05 08:36:53,175 [INFO]   Saved 4 messages. Checkpoint: 2215
2026-04-05 08:36:54,182 [INFO] --- Processing: Career Kickstart ---
2026-04-05 08:36:54,246 [INFO]   Incremental scrape | limit=200 | min_id=1229
2026-04-05 08:36:54,446 [INFO]   No new messages for Career Kickstart.
2026-04-05 08:36:55,541 [INFO] --- Processing: Internship Hub (Cambodia) ---
2026-04-05 08:36:55,624 [INFO]   Incremental scrape | limit=200 | min_id=310
2026-04-05 08:36:55,838 [INFO]   No new messages for Internship Hub (Cambodia).
2026-04-05 08:36:56,930 [INFO] Run complete | sources=14 | saved=5 | errors=0 | duration=23.8s
2026-04-06 14:44:21,544 [INFO] Starting scrape run for 14 source(s).
2026-04-06 14:44:21,863 [INFO] --- Processing: Career Kickstart ---
2026-04-06 14:44:21,909 [INFO]   Incremental scrape | limit=200 | min_id=1229
2026-04-06 14:44:22,203 [INFO]   No new messages for Career Kickstart.
2026-04-06 14:44:23,345 [INFO] --- Processing: Internship Hub (Cambodia) ---
2026-04-06 14:44:23,403 [INFO]   Incremental scrape | limit=200 | min_id=310
2026-04-06 14:44:23,781 [INFO]   No new messages for Internship Hub (Cambodia).
2026-04-06 14:44:24,876 [INFO] --- Processing: Romduol Scholars Challenge ---
2026-04-06 14:44:24,934 [INFO]   Incremental scrape | limit=200 | min_id=20679
2026-04-06 14:44:25,221 [INFO]   No new messages for Romduol Scholars Challenge.
2026-04-06 14:44:26,319 [INFO] --- Processing: Techo Startup Center ---
2026-04-06 14:44:26,368 [INFO]   Incremental scrape | limit=200 | min_id=11147
2026-04-06 14:44:26,544 [INFO]   No new messages for Techo Startup Center.
2026-04-06 14:44:27,630 [INFO] --- Processing: Entrepreneurship Network ---
2026-04-06 14:44:27,700 [INFO]   Incremental scrape | limit=200 | min_id=1382
2026-04-06 14:44:27,891 [INFO]   No new messages for Entrepreneurship Network.
2026-04-06 14:44:29,021 [INFO] --- Processing: DataU Academy ---
2026-04-06 14:44:29,077 [INFO]   Incremental scrape | limit=200 | min_id=662
2026-04-06 14:44:29,350 [INFO]   No new messages for DataU Academy.
2026-04-06 14:44:30,546 [INFO] --- Processing: NICC - National Incubation Center of Cambodia ---
2026-04-06 14:44:30,591 [INFO]   Incremental scrape | limit=200 | min_id=9929
2026-04-06 14:44:30,852 [INFO]   No new messages for NICC - National Incubation Center of Cambodia.
2026-04-06 14:44:31,943 [INFO] --- Processing: STEM Education Organization for Cambodia (STEMEOC) ---
2026-04-06 14:44:31,989 [INFO]   Incremental scrape | limit=200 | min_id=1060
2026-04-06 14:44:32,280 [INFO]   No new messages for STEM Education Organization for Cambodia (STEMEOC).
2026-04-06 14:44:33,384 [INFO] --- Processing: DGY News ---
2026-04-06 14:44:33,441 [INFO]   Incremental scrape | limit=200 | min_id=3824
2026-04-06 14:44:33,771 [INFO]   No new messages for DGY News.
2026-04-06 14:44:34,872 [INFO] --- Processing: small labs ---
2026-04-06 14:44:34,947 [INFO]   Incremental scrape | limit=200 | min_id=143
2026-04-06 14:44:35,344 [INFO]   No new messages for small labs.
2026-04-06 14:44:36,431 [INFO] --- Processing: Open Development Cambodia Organixation (ODC) ---
2026-04-06 14:44:36,474 [INFO]   Incremental scrape | limit=200 | min_id=380
2026-04-06 14:44:36,789 [INFO]   No new messages for Open Development Cambodia Organixation (ODC).
2026-04-06 14:44:37,878 [INFO] --- Processing: AUPP Community for Southeast Asian Studies (CSEAS) ---
2026-04-06 14:44:37,927 [INFO]   Incremental scrape | limit=200 | min_id=142
2026-04-06 14:44:38,136 [INFO]   No new messages for AUPP Community for Southeast Asian Studies (CSEAS).
2026-04-06 14:44:39,230 [INFO] --- Processing: AmCam Exchange ---
2026-04-06 14:44:39,272 [INFO]   Incremental scrape | limit=200 | min_id=48
2026-04-06 14:44:39,421 [INFO]   No new messages for AmCam Exchange.
2026-04-06 14:44:40,530 [INFO] --- Processing: Expert Education & Visa Services Cambodia ---
2026-04-06 14:44:40,573 [INFO]   Incremental scrape | limit=200 | min_id=2220
2026-04-06 14:44:41,067 [INFO]   Saved 1 messages. Checkpoint: 2221
2026-04-06 14:44:42,097 [INFO] Run complete | sources=14 | saved=1 | errors=0 | duration=22.5s
2026-04-06 17:41:08,170 [INFO] Already ran today, exiting.
2026-04-07 08:29:06,086 [INFO] Starting scrape run for 14 source(s).
2026-04-07 08:29:07,010 [INFO] --- Processing: Techo Startup Center ---
2026-04-07 08:29:07,071 [INFO]   Incremental scrape | limit=200 | min_id=11147
2026-04-07 08:29:07,787 [INFO]   Saved 14 messages. Checkpoint: 11161
2026-04-07 08:29:08,792 [INFO] --- Processing: Entrepreneurship Network ---
2026-04-07 08:29:08,842 [INFO]   Incremental scrape | limit=200 | min_id=1382
2026-04-07 08:29:08,988 [INFO]   No new messages for Entrepreneurship Network.
2026-04-07 08:29:10,140 [INFO] --- Processing: DataU Academy ---
2026-04-07 08:29:10,188 [INFO]   Incremental scrape | limit=200 | min_id=662
2026-04-07 08:29:10,673 [INFO]   Saved 1 messages. Checkpoint: 663
2026-04-07 08:29:11,680 [INFO] --- Processing: NICC - National Incubation Center of Cambodia ---
2026-04-07 08:29:11,729 [INFO]   Incremental scrape | limit=200 | min_id=9929
2026-04-07 08:29:13,692 [INFO]   No new messages for NICC - National Incubation Center of Cambodia.
2026-04-07 08:29:14,791 [INFO] --- Processing: STEM Education Organization for Cambodia (STEMEOC) ---
2026-04-07 08:29:14,837 [INFO]   Incremental scrape | limit=200 | min_id=1060
2026-04-07 08:29:15,016 [INFO]   No new messages for STEM Education Organization for Cambodia (STEMEOC).
2026-04-07 08:29:16,225 [INFO] --- Processing: DGY News ---
2026-04-07 08:29:16,272 [INFO]   Incremental scrape | limit=200 | min_id=3824
2026-04-07 08:29:16,460 [INFO]   No new messages for DGY News.
2026-04-07 08:29:17,574 [INFO] --- Processing: small labs ---
2026-04-07 08:29:17,714 [INFO]   Incremental scrape | limit=200 | min_id=143
2026-04-07 08:29:17,899 [INFO]   No new messages for small labs.
2026-04-07 08:29:18,983 [INFO] --- Processing: Open Development Cambodia Organixation (ODC) ---
2026-04-07 08:29:19,033 [INFO]   Incremental scrape | limit=200 | min_id=380
2026-04-07 08:29:20,101 [INFO]   No new messages for Open Development Cambodia Organixation (ODC).
2026-04-07 08:29:21,236 [INFO] --- Processing: AUPP Community for Southeast Asian Studies (CSEAS) ---
2026-04-07 08:29:21,286 [INFO]   Incremental scrape | limit=200 | min_id=142
2026-04-07 08:29:21,501 [INFO]   No new messages for AUPP Community for Southeast Asian Studies (CSEAS).
2026-04-07 08:29:22,704 [INFO] --- Processing: AmCam Exchange ---
2026-04-07 08:29:22,749 [INFO]   Incremental scrape | limit=200 | min_id=48
2026-04-07 08:29:23,128 [INFO]   Saved 2 messages. Checkpoint: 50
2026-04-07 08:29:24,182 [INFO] --- Processing: Expert Education & Visa Services Cambodia ---
2026-04-07 08:29:24,405 [INFO]   Incremental scrape | limit=200 | min_id=2221
2026-04-07 08:29:25,225 [INFO]   Saved 1 messages. Checkpoint: 2222
2026-04-07 08:29:26,362 [INFO] --- Processing: Career Kickstart ---
2026-04-07 08:29:26,838 [INFO]   Incremental scrape | limit=200 | min_id=1229
2026-04-07 08:29:27,378 [INFO]   No new messages for Career Kickstart.
2026-04-07 08:29:28,475 [INFO] --- Processing: Internship Hub (Cambodia) ---
2026-04-07 08:29:28,527 [INFO]   Incremental scrape | limit=200 | min_id=310
2026-04-07 08:29:28,988 [INFO]   No new messages for Internship Hub (Cambodia).
2026-04-07 08:29:30,127 [INFO] --- Processing: Romduol Scholars Challenge ---
2026-04-07 08:29:30,193 [INFO]   Incremental scrape | limit=200 | min_id=20679
2026-04-07 08:29:30,673 [INFO]   No new messages for Romduol Scholars Challenge.
2026-04-07 08:29:31,790 [INFO] Run complete | sources=14 | saved=18 | errors=0 | duration=27.7s
2026-05-06 13:27:45,251 [INFO] Already ran today, exiting.
2026-05-11 10:48:42,722 [INFO] Already ran today, exiting.
2026-05-11 17:12:36,346 [INFO] Already ran today, exiting.
2026-05-12 10:21:35,134 [INFO] Already ran today, exiting.
2026-05-12 14:58:16,504 [INFO] Already ran today, exiting.
2026-05-12 19:58:38,354 [INFO] Already ran today, exiting.
2026-05-13 14:33:53,657 [INFO] Already ran today, exiting.
2026-05-14 12:34:38,027 [INFO] Already ran today, exiting.
2026-05-15 08:50:34,282 [INFO] Starting scrape run for 14 source(s).
2026-05-15 08:50:34,739 [INFO] --- Processing: Career Kickstart ---
2026-05-15 08:50:34,794 [INFO]   Incremental scrape | limit=200 | min_id=1233
2026-05-15 08:50:35,501 [INFO]   Saved 12 messages. Checkpoint: 1245
2026-05-15 08:50:36,511 [INFO] --- Processing: AUPP Community for Southeast Asian Studies (CSEAS) ---
2026-05-15 08:50:36,562 [INFO]   Incremental scrape | limit=200 | min_id=155
2026-05-15 08:50:36,815 [INFO]   No new messages for AUPP Community for Southeast Asian Studies (CSEAS).
2026-05-15 08:50:37,964 [INFO] --- Processing: AmCam Exchange ---
2026-05-15 08:50:38,076 [INFO]   Incremental scrape | limit=200 | min_id=52
2026-05-15 08:50:38,629 [INFO]   Saved 4 messages. Checkpoint: 56
2026-05-15 08:50:39,711 [INFO] --- Processing: Expert Education & Visa Services Cambodia ---
2026-05-15 08:50:39,763 [INFO]   Incremental scrape | limit=200 | min_id=2244
2026-05-15 08:50:40,773 [INFO]   Saved 67 messages. Checkpoint: 2312
2026-05-15 08:50:41,775 [INFO] --- Processing: Internship Hub (Cambodia) ---
2026-05-15 08:50:41,829 [INFO]   Incremental scrape | limit=200 | min_id=312
2026-05-15 08:50:42,424 [INFO]   Saved 16 messages. Checkpoint: 330
2026-05-15 08:50:43,432 [INFO] --- Processing: Romduol Scholars Challenge ---
2026-05-15 08:50:43,533 [INFO]   Incremental scrape | limit=200 | min_id=20703
2026-05-15 08:50:44,979 [INFO]   Saved 175 messages. Checkpoint: 21225
2026-05-15 08:50:46,028 [INFO] --- Processing: Techo Startup Center ---
2026-05-15 08:50:46,145 [INFO]   Incremental scrape | limit=200 | min_id=11230
2026-05-15 08:50:47,785 [INFO]   Saved 173 messages. Checkpoint: 11403
2026-05-15 08:50:48,800 [INFO] --- Processing: Entrepreneurship Network ---
2026-05-15 08:50:48,853 [INFO]   Incremental scrape | limit=200 | min_id=1383
2026-05-15 08:50:49,367 [INFO]   Saved 18 messages. Checkpoint: 1401
2026-05-15 08:50:50,367 [INFO] --- Processing: DataU Academy ---
2026-05-15 08:50:50,422 [INFO]   Incremental scrape | limit=200 | min_id=665
2026-05-15 08:50:50,948 [INFO]   Saved 6 messages. Checkpoint: 671
2026-05-15 08:50:51,949 [INFO] --- Processing: NICC - National Incubation Center of Cambodia ---
2026-05-15 08:50:52,005 [INFO]   Incremental scrape | limit=200 | min_id=9935
2026-05-15 08:50:52,804 [INFO]   Saved 49 messages. Checkpoint: 9987
2026-05-15 08:50:53,817 [INFO] --- Processing: STEM Education Organization for Cambodia (STEMEOC) ---
2026-05-15 08:50:53,878 [INFO]   Incremental scrape | limit=200 | min_id=1062
2026-05-15 08:50:54,322 [INFO]   Saved 4 messages. Checkpoint: 1066
2026-05-15 08:50:55,332 [INFO] --- Processing: DGY News ---
2026-05-15 08:50:55,403 [INFO]   Incremental scrape | limit=200 | min_id=3826
2026-05-15 08:50:55,963 [INFO]   Saved 35 messages. Checkpoint: 3866
2026-05-15 08:50:56,974 [INFO] --- Processing: small labs ---
2026-05-15 08:50:57,036 [INFO]   Incremental scrape | limit=200 | min_id=145
2026-05-15 08:50:57,641 [INFO]   Saved 1 messages. Checkpoint: 146
2026-05-15 08:50:58,655 [INFO] --- Processing: Open Development Cambodia Organixation (ODC) ---
2026-05-15 08:50:58,707 [INFO]   Incremental scrape | limit=200 | min_id=383
2026-05-15 08:50:59,329 [INFO]   Saved 2 messages. Checkpoint: 385
2026-05-15 08:51:00,331 [INFO] Run complete | sources=14 | saved=562 | errors=0 | duration=27.7s
2026-05-16 08:57:23,179 [INFO] Starting scrape run for 14 source(s).
2026-05-16 08:57:23,859 [INFO] --- Processing: Career Kickstart ---
2026-05-16 08:57:23,916 [INFO]   Incremental scrape | limit=200 | min_id=1245
2026-05-16 08:57:24,597 [INFO]   Saved 2 messages. Checkpoint: 1247
2026-05-16 08:57:25,602 [INFO] --- Processing: AUPP Community for Southeast Asian Studies (CSEAS) ---
2026-05-16 08:57:25,697 [INFO]   Incremental scrape | limit=200 | min_id=155
2026-05-16 08:57:25,949 [INFO]   No new messages for AUPP Community for Southeast Asian Studies (CSEAS).
2026-05-16 08:57:27,167 [INFO] --- Processing: AmCam Exchange ---
2026-05-16 08:57:27,224 [INFO]   Incremental scrape | limit=200 | min_id=56
2026-05-16 08:57:27,590 [INFO]   No new messages for AmCam Exchange.
2026-05-16 08:57:28,867 [INFO] --- Processing: Expert Education & Visa Services Cambodia ---
2026-05-16 08:57:28,935 [INFO]   Incremental scrape | limit=200 | min_id=2312
2026-05-16 08:57:29,441 [INFO]   Saved 1 messages. Checkpoint: 2313
2026-05-16 08:57:30,444 [INFO] --- Processing: Internship Hub (Cambodia) ---
2026-05-16 08:57:30,516 [INFO]   Incremental scrape | limit=200 | min_id=330
2026-05-16 08:57:31,374 [INFO]   Saved 4 messages. Checkpoint: 334
2026-05-16 08:57:32,455 [INFO] --- Processing: Romduol Scholars Challenge ---
2026-05-16 08:57:32,508 [INFO]   Incremental scrape | limit=200 | min_id=21225
2026-05-16 08:57:32,992 [INFO]   Saved 1 messages. Checkpoint: 21226
2026-05-16 08:57:33,998 [INFO] --- Processing: Techo Startup Center ---
2026-05-16 08:57:34,060 [INFO]   Incremental scrape | limit=200 | min_id=11403
2026-05-16 08:57:34,572 [INFO]   Saved 3 messages. Checkpoint: 11406
2026-05-16 08:57:35,577 [INFO] --- Processing: Entrepreneurship Network ---
2026-05-16 08:57:35,758 [INFO]   Incremental scrape | limit=200 | min_id=1401
2026-05-16 08:57:36,043 [INFO]   No new messages for Entrepreneurship Network.
2026-05-16 08:57:37,174 [INFO] --- Processing: DataU Academy ---
2026-05-16 08:57:37,260 [INFO]   Incremental scrape | limit=200 | min_id=671
2026-05-16 08:57:38,070 [INFO]   Saved 1 messages. Checkpoint: 672
2026-05-16 08:57:39,101 [INFO] --- Processing: NICC - National Incubation Center of Cambodia ---
2026-05-16 08:57:39,178 [INFO]   Incremental scrape | limit=200 | min_id=9987
2026-05-16 08:57:39,775 [INFO]   Saved 10 messages. Checkpoint: 9997
2026-05-16 08:57:40,784 [INFO] --- Processing: STEM Education Organization for Cambodia (STEMEOC) ---
2026-05-16 08:57:40,950 [INFO]   Incremental scrape | limit=200 | min_id=1066
2026-05-16 08:57:41,200 [INFO]   No new messages for STEM Education Organization for Cambodia (STEMEOC).
2026-05-16 08:57:42,427 [INFO] --- Processing: DGY News ---
2026-05-16 08:57:42,527 [INFO]   Incremental scrape | limit=200 | min_id=3866
2026-05-16 08:57:42,789 [INFO]   No new messages for DGY News.
2026-05-16 08:57:44,008 [INFO] --- Processing: small labs ---
2026-05-16 08:57:44,117 [INFO]   Incremental scrape | limit=200 | min_id=146
2026-05-16 08:57:44,341 [INFO]   No new messages for small labs.
2026-05-16 08:57:45,485 [INFO] --- Processing: Open Development Cambodia Organixation (ODC) ---
2026-05-16 08:57:45,542 [INFO]   Incremental scrape | limit=200 | min_id=385
2026-05-16 08:57:45,855 [INFO]   No new messages for Open Development Cambodia Organixation (ODC).
2026-05-16 08:57:47,023 [INFO] Run complete | sources=14 | saved=22 | errors=0 | duration=25.7s
2026-05-16 16:12:20,062 [INFO] Already ran today, exiting.
2026-05-17 08:12:14,649 [INFO] Starting scrape run for 14 source(s).
2026-05-17 08:12:15,157 [INFO] --- Processing: Career Kickstart ---
2026-05-17 08:12:15,225 [INFO]   Incremental scrape | limit=200 | min_id=1247
2026-05-17 08:12:15,585 [INFO]   No new messages for Career Kickstart.
2026-05-17 08:12:16,781 [INFO] --- Processing: AUPP Community for Southeast Asian Studies (CSEAS) ---
2026-05-17 08:12:16,839 [INFO]   Incremental scrape | limit=200 | min_id=155
2026-05-17 08:12:17,149 [INFO]   No new messages for AUPP Community for Southeast Asian Studies (CSEAS).
2026-05-17 08:12:18,296 [INFO] --- Processing: AmCam Exchange ---
2026-05-17 08:12:18,363 [INFO]   Incremental scrape | limit=200 | min_id=56
2026-05-17 08:12:18,630 [INFO]   No new messages for AmCam Exchange.
2026-05-17 08:12:19,867 [INFO] --- Processing: Expert Education & Visa Services Cambodia ---
2026-05-17 08:12:19,978 [INFO]   Incremental scrape | limit=200 | min_id=2313
2026-05-17 08:12:20,649 [INFO]   Saved 5 messages. Checkpoint: 2318
2026-05-17 08:12:21,653 [INFO] --- Processing: Internship Hub (Cambodia) ---
2026-05-17 08:12:21,723 [INFO]   Incremental scrape | limit=200 | min_id=334
2026-05-17 08:12:22,003 [INFO]   No new messages for Internship Hub (Cambodia).
2026-05-17 08:12:23,143 [INFO] --- Processing: Romduol Scholars Challenge ---
2026-05-17 08:12:23,251 [INFO]   Incremental scrape | limit=200 | min_id=21226
2026-05-17 08:12:23,519 [INFO]   No new messages for Romduol Scholars Challenge.
2026-05-17 08:12:24,674 [INFO] --- Processing: Techo Startup Center ---
2026-05-17 08:12:24,740 [INFO]   Incremental scrape | limit=200 | min_id=11406
2026-05-17 08:12:25,377 [INFO]   Saved 12 messages. Checkpoint: 11418
2026-05-17 08:12:26,408 [INFO] --- Processing: Entrepreneurship Network ---
2026-05-17 08:12:26,488 [INFO]   Incremental scrape | limit=200 | min_id=1401
2026-05-17 08:12:26,687 [INFO]   No new messages for Entrepreneurship Network.
2026-05-17 08:12:27,862 [INFO] --- Processing: DataU Academy ---
2026-05-17 08:12:27,932 [INFO]   Incremental scrape | limit=200 | min_id=672
2026-05-17 08:12:28,512 [INFO]   Saved 2 messages. Checkpoint: 674
2026-05-17 08:12:29,540 [INFO] --- Processing: NICC - National Incubation Center of Cambodia ---
2026-05-17 08:12:29,647 [INFO]   Incremental scrape | limit=200 | min_id=9997
2026-05-17 08:12:29,860 [INFO]   No new messages for NICC - National Incubation Center of Cambodia.
2026-05-17 08:12:31,028 [INFO] --- Processing: STEM Education Organization for Cambodia (STEMEOC) ---
2026-05-17 08:12:31,120 [INFO]   Incremental scrape | limit=200 | min_id=1066
2026-05-17 08:12:31,363 [INFO]   No new messages for STEM Education Organization for Cambodia (STEMEOC).
2026-05-17 08:12:32,561 [INFO] --- Processing: DGY News ---
2026-05-17 08:12:32,623 [INFO]   Incremental scrape | limit=200 | min_id=3866
2026-05-17 08:12:32,928 [INFO]   No new messages for DGY News.
2026-05-17 08:12:34,072 [INFO] --- Processing: small labs ---
2026-05-17 08:12:34,150 [INFO]   Incremental scrape | limit=200 | min_id=146
2026-05-17 08:12:34,374 [INFO]   No new messages for small labs.
2026-05-17 08:12:35,532 [INFO] --- Processing: Open Development Cambodia Organixation (ODC) ---
2026-05-17 08:12:35,603 [INFO]   Incremental scrape | limit=200 | min_id=385
2026-05-17 08:12:35,955 [INFO]   No new messages for Open Development Cambodia Organixation (ODC).
2026-05-17 08:12:37,103 [INFO] Run complete | sources=14 | saved=19 | errors=0 | duration=24.3s
2026-05-18 09:32:50,597 [INFO] Starting scrape run for 14 source(s).
2026-05-18 09:32:50,994 [INFO] --- Processing: Career Kickstart ---
2026-05-18 09:32:51,072 [INFO]   Incremental scrape | limit=200 | min_id=1247
2026-05-18 09:32:51,355 [INFO]   No new messages for Career Kickstart.
2026-05-18 09:32:52,555 [INFO] --- Processing: AUPP Community for Southeast Asian Studies (CSEAS) ---
2026-05-18 09:32:52,676 [INFO]   Incremental scrape | limit=200 | min_id=155
2026-05-18 09:32:52,988 [INFO]   No new messages for AUPP Community for Southeast Asian Studies (CSEAS).
2026-05-18 09:32:54,136 [INFO] --- Processing: AmCam Exchange ---
2026-05-18 09:32:54,197 [INFO]   Incremental scrape | limit=200 | min_id=56
2026-05-18 09:32:54,354 [INFO]   No new messages for AmCam Exchange.
2026-05-18 09:32:55,504 [INFO] --- Processing: Expert Education & Visa Services Cambodia ---
2026-05-18 09:32:55,564 [INFO]   Incremental scrape | limit=200 | min_id=2318
2026-05-18 09:32:56,201 [INFO]   Saved 1 messages. Checkpoint: 2319
2026-05-18 09:32:57,220 [INFO] --- Processing: Internship Hub (Cambodia) ---
2026-05-18 09:32:57,270 [INFO]   Incremental scrape | limit=200 | min_id=334
2026-05-18 09:32:57,599 [INFO]   No new messages for Internship Hub (Cambodia).
2026-05-18 09:32:58,744 [INFO] --- Processing: Romduol Scholars Challenge ---
2026-05-18 09:32:58,858 [INFO]   Incremental scrape | limit=200 | min_id=21226
2026-05-18 09:32:59,172 [INFO]   No new messages for Romduol Scholars Challenge.
2026-05-18 09:33:00,306 [INFO] --- Processing: Techo Startup Center ---
2026-05-18 09:33:00,359 [INFO]   Incremental scrape | limit=200 | min_id=11418
2026-05-18 09:33:00,528 [INFO]   No new messages for Techo Startup Center.
2026-05-18 09:33:01,665 [INFO] --- Processing: Entrepreneurship Network ---
2026-05-18 09:33:01,715 [INFO]   Incremental scrape | limit=200 | min_id=1401
2026-05-18 09:33:01,876 [INFO]   No new messages for Entrepreneurship Network.
2026-05-18 09:33:03,044 [INFO] --- Processing: DataU Academy ---
2026-05-18 09:33:03,097 [INFO]   Incremental scrape | limit=200 | min_id=674
2026-05-18 09:33:03,467 [INFO]   No new messages for DataU Academy.
2026-05-18 09:33:04,600 [INFO] --- Processing: NICC - National Incubation Center of Cambodia ---
2026-05-18 09:33:04,660 [INFO]   Incremental scrape | limit=200 | min_id=9997
2026-05-18 09:33:04,940 [INFO]   No new messages for NICC - National Incubation Center of Cambodia.
2026-05-18 09:33:06,123 [INFO] --- Processing: STEM Education Organization for Cambodia (STEMEOC) ---
2026-05-18 09:33:06,285 [INFO]   Incremental scrape | limit=200 | min_id=1066
2026-05-18 09:33:06,490 [INFO]   No new messages for STEM Education Organization for Cambodia (STEMEOC).
2026-05-18 09:33:08,023 [INFO] --- Processing: DGY News ---
2026-05-18 09:33:08,128 [INFO]   Incremental scrape | limit=200 | min_id=3866
2026-05-18 09:33:08,543 [INFO]   No new messages for DGY News.
2026-05-18 09:33:09,961 [INFO] --- Processing: small labs ---
2026-05-18 09:33:10,015 [INFO]   Incremental scrape | limit=200 | min_id=146
2026-05-18 09:33:10,183 [INFO]   No new messages for small labs.
2026-05-18 09:33:11,340 [INFO] --- Processing: Open Development Cambodia Organixation (ODC) ---
2026-05-18 09:33:11,573 [INFO]   Incremental scrape | limit=200 | min_id=385
2026-05-18 09:33:12,156 [INFO]   No new messages for Open Development Cambodia Organixation (ODC).
2026-05-18 09:33:13,474 [INFO] Run complete | sources=14 | saved=1 | errors=0 | duration=24.6s
2026-05-18 18:25:21,217 [INFO] Already ran today, exiting.
2026-05-19 09:00:11,588 [INFO] Already ran today, exiting.
2026-05-19 09:50:36,752 [INFO] Already ran today, exiting.
2026-05-19 12:23:20,817 [INFO] Already ran today, exiting.
2026-05-19 14:46:43,022 [INFO] Already ran today, exiting.
2026-05-20 08:10:04,705 [INFO] Starting scrape run for 14 source(s).
2026-05-20 08:10:05,100 [INFO] --- Processing: Romduol Scholars Challenge ---
2026-05-20 08:10:05,152 [INFO]   Incremental scrape | limit=200 | min_id=21226
2026-05-20 08:10:05,841 [INFO]   Saved 2 messages. Checkpoint: 21229
2026-05-20 08:10:06,857 [INFO] --- Processing: Techo Startup Center ---
2026-05-20 08:10:06,908 [INFO]   Incremental scrape | limit=200 | min_id=11418
2026-05-20 08:10:07,523 [INFO]   Saved 5 messages. Checkpoint: 11423
2026-05-20 08:10:08,531 [INFO] --- Processing: Entrepreneurship Network ---
2026-05-20 08:10:08,582 [INFO]   Incremental scrape | limit=200 | min_id=1401
2026-05-20 08:10:09,125 [INFO]   Saved 1 messages. Checkpoint: 1402
2026-05-20 08:10:10,266 [INFO] --- Processing: DataU Academy ---
2026-05-20 08:10:10,339 [INFO]   Incremental scrape | limit=200 | min_id=674
2026-05-20 08:10:10,977 [INFO]   Saved 1 messages. Checkpoint: 675
2026-05-20 08:10:12,001 [INFO] --- Processing: NICC - National Incubation Center of Cambodia ---
2026-05-20 08:10:12,052 [INFO]   Incremental scrape | limit=200 | min_id=9997
2026-05-20 08:10:12,612 [INFO]   Saved 1 messages. Checkpoint: 10000
2026-05-20 08:10:13,628 [INFO] --- Processing: STEM Education Organization for Cambodia (STEMEOC) ---
2026-05-20 08:10:13,684 [INFO]   Incremental scrape | limit=200 | min_id=1066
2026-05-20 08:10:14,015 [INFO]   No new messages for STEM Education Organization for Cambodia (STEMEOC).
2026-05-20 08:10:15,175 [INFO] --- Processing: DGY News ---
2026-05-20 08:10:15,241 [INFO]   Incremental scrape | limit=200 | min_id=3866
2026-05-20 08:10:15,852 [INFO]   Saved 3 messages. Checkpoint: 3869
2026-05-20 08:10:16,869 [INFO] --- Processing: small labs ---
2026-05-20 08:10:16,920 [INFO]   Incremental scrape | limit=200 | min_id=146
2026-05-20 08:10:17,498 [INFO]   Saved 1 messages. Checkpoint: 147
2026-05-20 08:10:18,502 [INFO] --- Processing: Open Development Cambodia Organixation (ODC) ---
2026-05-20 08:10:18,560 [INFO]   Incremental scrape | limit=200 | min_id=385
2026-05-20 08:10:19,542 [INFO]   Saved 1 messages. Checkpoint: 386
2026-05-20 08:10:20,576 [INFO] --- Processing: Career Kickstart ---
2026-05-20 08:10:21,266 [INFO]   Incremental scrape | limit=200 | min_id=1247
2026-05-20 08:10:21,933 [INFO]   Saved 1 messages. Checkpoint: 1248
2026-05-20 08:10:22,937 [INFO] --- Processing: AUPP Community for Southeast Asian Studies (CSEAS) ---
2026-05-20 08:10:22,989 [INFO]   Incremental scrape | limit=200 | min_id=155
2026-05-20 08:10:23,407 [INFO]   No new messages for AUPP Community for Southeast Asian Studies (CSEAS).
2026-05-20 08:10:24,551 [INFO] --- Processing: AmCam Exchange ---
2026-05-20 08:10:24,603 [INFO]   Incremental scrape | limit=200 | min_id=56
2026-05-20 08:10:24,787 [INFO]   No new messages for AmCam Exchange.
2026-05-20 08:10:25,997 [INFO] --- Processing: Expert Education & Visa Services Cambodia ---
2026-05-20 08:10:37,260 [INFO]   Incremental scrape | limit=200 | min_id=2319
2026-05-20 08:10:38,179 [INFO]   Saved 7 messages. Checkpoint: 2326
2026-05-20 08:10:39,187 [INFO] --- Processing: Internship Hub (Cambodia) ---
2026-05-20 08:10:39,249 [INFO]   Incremental scrape | limit=200 | min_id=334
2026-05-20 08:10:40,074 [INFO]   Saved 2 messages. Checkpoint: 337
2026-05-20 08:10:41,082 [INFO] Run complete | sources=14 | saved=25 | errors=0 | duration=39.1s
2026-05-20 18:49:37,509 [INFO] Already ran today, exiting.
2026-05-21 09:32:56,708 [INFO] Already ran today, exiting.
2026-05-21 12:17:36,652 [INFO] Already ran today, exiting.
2026-05-21 12:21:45,904 [INFO] Already ran today, exiting.
2026-05-21 15:25:35,360 [INFO] Already ran today, exiting.
2026-05-21 21:28:34,717 [INFO] Already ran today, exiting.
2026-05-22 07:42:38,104 [INFO] Starting scrape run for 14 source(s).
2026-05-22 07:42:40,132 [INFO] --- Processing: Romduol Scholars Challenge ---
2026-05-22 07:42:40,238 [INFO]   Incremental scrape | limit=200 | min_id=21229
2026-05-22 07:42:41,288 [INFO]   Saved 10 messages. Checkpoint: 21240
2026-05-22 07:42:42,303 [INFO] --- Processing: Techo Startup Center ---
2026-05-22 07:42:42,381 [INFO]   Incremental scrape | limit=200 | min_id=11423
2026-05-22 07:42:43,788 [INFO]   Saved 21 messages. Checkpoint: 11444
2026-05-22 07:42:44,800 [INFO] --- Processing: Entrepreneurship Network ---
2026-05-22 07:42:44,865 [INFO]   Incremental scrape | limit=200 | min_id=1402
2026-05-22 07:42:45,184 [INFO]   No new messages for Entrepreneurship Network.
2026-05-22 07:42:46,504 [INFO] --- Processing: DataU Academy ---
2026-05-22 07:42:46,584 [INFO]   Incremental scrape | limit=200 | min_id=675
2026-05-22 07:42:47,343 [INFO]   Saved 2 messages. Checkpoint: 677
2026-05-22 07:42:48,352 [INFO] --- Processing: NICC - National Incubation Center of Cambodia ---
2026-05-22 07:42:48,434 [INFO]   Incremental scrape | limit=200 | min_id=10000
2026-05-22 07:42:49,453 [INFO]   Saved 8 messages. Checkpoint: 10008
2026-05-22 07:42:50,461 [INFO] --- Processing: STEM Education Organization for Cambodia (STEMEOC) ---
2026-05-22 07:42:50,653 [INFO]   Incremental scrape | limit=200 | min_id=1066
2026-05-22 07:42:50,931 [INFO]   No new messages for STEM Education Organization for Cambodia (STEMEOC).
2026-05-22 07:42:52,110 [INFO] --- Processing: DGY News ---
2026-05-22 07:42:52,172 [INFO]   Incremental scrape | limit=200 | min_id=3869
2026-05-22 07:42:52,933 [INFO]   Saved 3 messages. Checkpoint: 3874
2026-05-22 07:42:53,946 [INFO] --- Processing: small labs ---
2026-05-22 07:42:54,057 [INFO]   Incremental scrape | limit=200 | min_id=147
2026-05-22 07:42:54,392 [INFO]   No new messages for small labs.
2026-05-22 07:42:55,573 [INFO] --- Processing: Open Development Cambodia Organixation (ODC) ---
2026-05-22 07:42:55,675 [INFO]   Incremental scrape | limit=200 | min_id=386
2026-05-22 07:42:56,475 [INFO]   No new messages for Open Development Cambodia Organixation (ODC).
2026-05-22 07:42:57,635 [INFO] --- Processing: Career Kickstart ---
2026-05-22 07:42:57,896 [INFO]   Incremental scrape | limit=200 | min_id=1248
2026-05-22 07:42:58,700 [INFO]   No new messages for Career Kickstart.
2026-05-22 07:43:00,408 [INFO] --- Processing: AUPP Community for Southeast Asian Studies (CSEAS) ---
2026-05-22 07:43:00,524 [INFO]   Incremental scrape | limit=200 | min_id=155
2026-05-22 07:43:00,787 [INFO]   No new messages for AUPP Community for Southeast Asian Studies (CSEAS).
2026-05-22 07:43:02,103 [INFO] --- Processing: AmCam Exchange ---
2026-05-22 07:43:02,170 [INFO]   Incremental scrape | limit=200 | min_id=56
2026-05-22 07:43:02,373 [INFO]   No new messages for AmCam Exchange.
2026-05-22 07:43:03,563 [INFO] --- Processing: Expert Education & Visa Services Cambodia ---
2026-05-22 07:43:03,625 [INFO]   Incremental scrape | limit=200 | min_id=2326
2026-05-22 07:43:04,512 [INFO]   Saved 7 messages. Checkpoint: 2333
2026-05-22 07:43:05,542 [INFO] --- Processing: Internship Hub (Cambodia) ---
2026-05-22 07:43:06,115 [INFO]   Incremental scrape | limit=200 | min_id=337
2026-05-22 07:43:06,792 [INFO]   No new messages for Internship Hub (Cambodia).
2026-05-22 07:43:07,993 [INFO] Run complete | sources=14 | saved=51 | errors=0 | duration=31.8s
2026-05-22 11:15:18,166 [INFO] Already ran today, exiting.
2026-05-22 11:20:18,998 [INFO] Already ran today, exiting.
2026-05-22 13:10:56,087 [INFO] Already ran today, exiting.
2026-05-22 18:32:14,706 [INFO] Already ran today, exiting.
2026-05-23 11:15:22,801 [INFO] Starting scrape run for 14 source(s).
2026-05-23 11:15:23,273 [INFO] --- Processing: Romduol Scholars Challenge ---
2026-05-23 11:15:23,328 [INFO]   Incremental scrape | limit=200 | min_id=21240
2026-05-23 11:15:23,999 [INFO]   Saved 2 messages. Checkpoint: 21242
2026-05-23 11:15:25,014 [INFO] --- Processing: Techo Startup Center ---
2026-05-23 11:15:25,066 [INFO]   Incremental scrape | limit=200 | min_id=11444
2026-05-23 11:15:25,743 [INFO]   Saved 10 messages. Checkpoint: 11454
2026-05-23 11:15:26,749 [INFO] --- Processing: Entrepreneurship Network ---
2026-05-23 11:15:26,836 [INFO]   Incremental scrape | limit=200 | min_id=1402
2026-05-23 11:15:27,318 [INFO]   Saved 1 messages. Checkpoint: 1403
2026-05-23 11:15:28,323 [INFO] --- Processing: DataU Academy ---
2026-05-23 11:15:28,393 [INFO]   Incremental scrape | limit=200 | min_id=677
2026-05-23 11:15:28,964 [INFO]   Saved 1 messages. Checkpoint: 678
2026-05-23 11:15:29,977 [INFO] --- Processing: NICC - National Incubation Center of Cambodia ---
2026-05-23 11:15:30,489 [INFO]   Incremental scrape | limit=200 | min_id=10008
2026-05-23 11:15:30,768 [INFO]   No new messages for NICC - National Incubation Center of Cambodia.
2026-05-23 11:15:32,123 [INFO] --- Processing: STEM Education Organization for Cambodia (STEMEOC) ---
2026-05-23 11:15:32,256 [INFO]   Incremental scrape | limit=200 | min_id=1066
2026-05-23 11:15:32,470 [INFO]   No new messages for STEM Education Organization for Cambodia (STEMEOC).
2026-05-23 11:15:33,638 [INFO] --- Processing: DGY News ---
2026-05-23 11:15:33,825 [INFO]   Incremental scrape | limit=200 | min_id=3874
2026-05-23 11:15:34,385 [INFO]   Saved 8 messages. Checkpoint: 3882
2026-05-23 11:15:35,394 [INFO] --- Processing: small labs ---
2026-05-23 11:15:35,476 [INFO]   Incremental scrape | limit=200 | min_id=147
2026-05-23 11:15:35,676 [INFO]   No new messages for small labs.
2026-05-23 11:15:36,819 [INFO] --- Processing: Open Development Cambodia Organixation (ODC) ---
2026-05-23 11:15:36,873 [INFO]   Incremental scrape | limit=200 | min_id=386
2026-05-23 11:15:37,166 [INFO]   No new messages for Open Development Cambodia Organixation (ODC).
2026-05-23 11:15:38,308 [INFO] --- Processing: Career Kickstart ---
2026-05-23 11:15:38,379 [INFO]   Incremental scrape | limit=200 | min_id=1248
2026-05-23 11:15:38,991 [INFO]   Saved 1 messages. Checkpoint: 1249
2026-05-23 11:15:40,008 [INFO] --- Processing: AUPP Community for Southeast Asian Studies (CSEAS) ---
2026-05-23 11:15:40,242 [INFO]   Incremental scrape | limit=200 | min_id=155
2026-05-23 11:15:40,930 [INFO]   Saved 11 messages. Checkpoint: 166
2026-05-23 11:15:41,941 [INFO] --- Processing: AmCam Exchange ---
2026-05-23 11:15:42,016 [INFO]   Incremental scrape | limit=200 | min_id=56
2026-05-23 11:15:42,361 [INFO]   No new messages for AmCam Exchange.
2026-05-23 11:15:43,576 [INFO] --- Processing: Expert Education & Visa Services Cambodia ---
2026-05-23 11:15:43,688 [INFO]   Incremental scrape | limit=200 | min_id=2333
2026-05-23 11:15:44,363 [INFO]   Saved 1 messages. Checkpoint: 2335
2026-05-23 11:15:45,368 [INFO] --- Processing: Internship Hub (Cambodia) ---
2026-05-23 11:15:45,457 [INFO]   Incremental scrape | limit=200 | min_id=337
2026-05-23 11:15:46,475 [INFO]   Saved 1 messages. Checkpoint: 338
2026-05-23 11:15:47,490 [INFO] Run complete | sources=14 | saved=36 | errors=0 | duration=26.6s
2026-05-23 13:11:39,163 [INFO] Already ran today, exiting.
2026-05-24 09:19:24,942 [INFO] Starting scrape run for 14 source(s).
2026-05-24 09:19:25,720 [INFO] --- Processing: AUPP Community for Southeast Asian Studies (CSEAS) ---
2026-05-24 09:19:25,786 [INFO]   Incremental scrape | limit=200 | min_id=166
2026-05-24 09:19:26,444 [INFO]   Saved 9 messages. Checkpoint: 175
2026-05-24 09:19:27,474 [INFO] --- Processing: AmCam Exchange ---
2026-05-24 09:19:27,525 [INFO]   Incremental scrape | limit=200 | min_id=56
2026-05-24 09:19:27,695 [INFO]   No new messages for AmCam Exchange.
2026-05-24 09:19:28,841 [INFO] --- Processing: Expert Education & Visa Services Cambodia ---
2026-05-24 09:19:28,929 [INFO]   Incremental scrape | limit=200 | min_id=2335
2026-05-24 09:19:29,794 [INFO]   Saved 2 messages. Checkpoint: 2338
2026-05-24 09:19:30,799 [INFO] --- Processing: Internship Hub (Cambodia) ---
2026-05-24 09:19:30,850 [INFO]   Incremental scrape | limit=200 | min_id=338
2026-05-24 09:19:31,906 [INFO]   Saved 1 messages. Checkpoint: 339
2026-05-24 09:19:32,914 [INFO] --- Processing: Romduol Scholars Challenge ---
2026-05-24 09:19:33,150 [INFO]   Incremental scrape | limit=200 | min_id=21242
2026-05-24 09:19:33,546 [INFO]   No new messages for Romduol Scholars Challenge.
2026-05-24 09:19:34,743 [INFO] --- Processing: Techo Startup Center ---
2026-05-24 09:19:34,796 [INFO]   Incremental scrape | limit=200 | min_id=11454
2026-05-24 09:19:35,401 [INFO]   Saved 14 messages. Checkpoint: 11468
2026-05-24 09:19:36,413 [INFO] --- Processing: Entrepreneurship Network ---
2026-05-24 09:19:36,465 [INFO]   Incremental scrape | limit=200 | min_id=1403
2026-05-24 09:19:36,673 [INFO]   No new messages for Entrepreneurship Network.
2026-05-24 09:19:37,870 [INFO] --- Processing: DataU Academy ---
2026-05-24 09:19:38,032 [INFO]   Incremental scrape | limit=200 | min_id=678
2026-05-24 09:19:38,350 [INFO]   No new messages for DataU Academy.
2026-05-24 09:19:39,490 [INFO] --- Processing: NICC - National Incubation Center of Cambodia ---
2026-05-24 09:19:39,561 [INFO]   Incremental scrape | limit=200 | min_id=10008
2026-05-24 09:19:39,813 [INFO]   No new messages for NICC - National Incubation Center of Cambodia.
2026-05-24 09:19:40,948 [INFO] --- Processing: STEM Education Organization for Cambodia (STEMEOC) ---
2026-05-24 09:19:41,000 [INFO]   Incremental scrape | limit=200 | min_id=1066
2026-05-24 09:19:41,203 [INFO]   No new messages for STEM Education Organization for Cambodia (STEMEOC).
2026-05-24 09:19:42,394 [INFO] --- Processing: DGY News ---
2026-05-24 09:19:42,463 [INFO]   Incremental scrape | limit=200 | min_id=3882
2026-05-24 09:19:43,118 [INFO]   Saved 1 messages. Checkpoint: 3883
2026-05-24 09:19:44,182 [INFO] --- Processing: small labs ---
2026-05-24 09:19:44,726 [INFO]   Incremental scrape | limit=200 | min_id=147
2026-05-24 09:19:45,144 [INFO]   No new messages for small labs.
2026-05-24 09:19:46,292 [INFO] --- Processing: Open Development Cambodia Organixation (ODC) ---
2026-05-24 09:19:46,478 [INFO]   Incremental scrape | limit=200 | min_id=386
2026-05-24 09:19:47,008 [INFO]   No new messages for Open Development Cambodia Organixation (ODC).
2026-05-24 09:19:48,173 [INFO] --- Processing: Career Kickstart ---
2026-05-24 09:19:48,227 [INFO]   Incremental scrape | limit=200 | min_id=1249
2026-05-24 09:19:48,519 [INFO]   No new messages for Career Kickstart.
2026-05-24 09:19:49,670 [INFO] Run complete | sources=14 | saved=27 | errors=0 | duration=26.5s
